../Src/main.c:61:6:ConvertToDecimal	5
../Src/main.c:116:6:TIM2_Init	1
../Src/main.c:126:6:Delay_us	2
../Src/main.c:132:6:Delay_ms	2
../Src/main.c:143:5:main	1
../Src/main.c:227:6:EC200U_SendCommand	5
../Src/main.c:387:6:EC200U_MQTTPublish	1
../Src/main.c:421:6:EC200U_SendSMS	1
../Src/main.c:448:6:USART1_Init	1
../Src/main.c:477:6:USART6_Init	1
../Src/main.c:504:6:USART1_WriteChar	2
../Src/main.c:515:6:USART6_WriteChar	2
../Src/main.c:526:6:USART1_SendString	3
../Src/main.c:540:6:USART6_SendString	2
../Src/main.c:552:6:USART1_ReadChar	3
../Src/main.c:574:6:delay	2
