../Src/main.c:61:6:ConvertToDecimal	5
../Src/main.c:116:6:TIM2_Init	1
../Src/main.c:126:6:Delay_us	2
../Src/main.c:132:6:Delay_ms	2
../Src/main.c:143:5:main	2
../Src/main.c:235:6:EC200U_SendCommand	5
../Src/main.c:396:6:EC200U_MQTTPublish	1
../Src/main.c:430:6:EC200U_SendSMS	1
../Src/main.c:457:6:USART1_Init	1
../Src/main.c:486:6:USART6_Init	1
../Src/main.c:513:6:USART1_WriteChar	2
../Src/main.c:524:6:USART6_WriteChar	2
../Src/main.c:535:6:USART1_SendString	3
../Src/main.c:549:6:USART6_SendString	2
../Src/main.c:561:6:USART1_ReadChar	3
../Src/main.c:583:6:delay	2
